/^calendar-list@gnome\.org$/
/^cvs-commits-list@gnome\.org$/
/^cvs-po-commits-list@gnome\.org$/
/^deskbar-applet-list@gnome\.org$/
/^devel-list@gnome\.org$/
/^doc-list@gnome\.org$/
/^drivel-list@gnome\.org$/
/^ekiga-devel-list@gnome\.org$/
/^fplan-list@gnome\.org$/
/^ftprelease-list@gnome\.org$/
/^fundraising-list@gnome\.org$/
/^gamin-list@gnome\.org$/
/^garnome-list@gnome\.org$/
/^gconf-list@gnome\.org$/
/^gdm-list@gnome\.org$/
/^gedit-list@gnome\.org$/
/^glademm-list@gnome\.org$/
/^gnac-list@gnome\.org$/
/^gnome-1\.4-list@gnome\.org$/
/^gnome-art-list@gnome\.org$/
/^gnome-au-list@gnome\.org$/
/^gnome-components-list@gnome\.org$/
/^gnome-gui-list@gnome\.org$/
/^gnome-kde-list@gnome\.org$/
/^gnome-keyring-list@gnome\.org$/
/^gnome-my-list@gnome\.org$/
/^gnome-packaging-list@gnome\.org$/
/^gnome-pilot-list@gnome\.org$/
/^gnome-print-list@gnome\.org$/
/^gnome-redhat-list@gnome\.org$/
/^gnome-shell-list@gnome\.org$/
/^gnome-vfs-list@gnome\.org$/
/^gnome-wsop-list@gnome\.org$/
/^gnomeaccessibility-list@gnome\.org$/
/^gnomemm-list@gnome\.org$/
/^gnomepilot-list@gnome\.org$/
/^gtk-app-devel-list@gnome\.org$/
/^gtk-devel-list@gnome\.org$/
/^gtk-i18n-list@gnome\.org$/
/^gtk-list@gnome\.org$/
/^gtkglext-list@gnome\.org$/
/^guadec-list@gnome\.org$/
/^guppi-list@gnome\.org$/
/^jokosher-devel-list@gnome\.org$/
/^meld-list@gnome\.org$/
/^mlview-list@gnome\.org$/
/^muine-list@gnome\.org$/
/^orbit-list@gnome\.org$/
/^orbitcpp-list@gnome\.org$/
/^performance-list@gnome\.org$/
/^sawfish-list@gnome\.org$/
/^snappy-list@gnome\.org$/
/^snmp@gnome\.org$/
/^spamtrap@gnome\.org$/
/^svn-commits-list@gnome\.org$/
/^system-tools-list@gnome\.org$/
/^tracker-list@gnome\.org$/

/^.*@cvs\.gnome\.org$/
/^.*@svn\.gnome\.org$/
